// Jest Snapshot v1, https://goo.gl/fbAQLP

exports[`Badge should match snapshot 1`] = `
<span
  className="badge "
>
  1
</span>
`;
