// Jest Snapshot v1, https://goo.gl/fbAQLP

exports[`Main should match snapshot 1`] = `
<div
  className="main"
  id="main"
>
  <Header />
  <inject-Todos-with-store />
  <inject-LoadMoreButton-with-store />
</div>
`;
